Welcome to Ubuntu 20.04.3 LTS (GNU/Linux 5.10.16.3-microsoft-standard-WSL2 x86_64)

 * Documentation:  https://help.ubuntu.com
 * Management:     https://landscape.canonical.com
 * Support:        https://ubuntu.com/advantage

  System information as of Sat Jan  8 09:40:51 IST 2022

  System load:  0.07               Processes:             13
  Usage of /:   0.7% of 250.98GB   Users logged in:       0
  Memory usage: 34%                IPv4 address for eth0: 192.168.200.184
  Swap usage:   0%

99 updates can be applied immediately.
39 of these updates are standard security updates.
To see these additional updates run: apt list --upgradable



This message is shown once a day. To disable it please create the
/home/shivaleela/.hushlogin file.
shivaleela@LAPTOP-893AAFE1:~$ pwd
/home/shivaleela
shivaleela@LAPTOP-893AAFE1:~$ ls
ABC             bash_alias      content.txt     forloop.sh      linux             mycommands.sh  playbooks        shivaleela-playbook  tempy         yml.sh
Abclmpex        bash_aliases    decision.sh     friends.sh      loop.sh           myfile         print_odds.bash  shivaleela.yml       trainee
Galaxyinfo.txt  beta.txt        demo_func.sh    fruits.sh       mango.sh          myinfo.txt     reading.sh       shivaleela_playbook  ust
HUSHMUM         bhanu           example.sh      hashmum         march.txt         myscript.txt   self.sh          shivaleelarole       var.sh
Hushmum         bhanu.txt       exampleread.sh  helloscript.sh  markup.yml        myshell.sh     shell            smile                while.sh
InitialGalaxy   bhanu.txt.save  feb.txt         hobsdir         mom               name.sh        shi.sh           sri.yml              whiledemo.sh
allcontent.txt  bootcamp        file.sh         ifelse.sh       mul.sh            nano.save      shiv             strenth              whileloop.sh
arg.sh          callfunc.sh     flag1           input.sh        multicontent.txt  nano.save.1    shiv.sh          teddybear.sh         xyz
args.sh         colour.sh       food.sh         jan.txt         multiple.sh       odd.sh         shivaleela       tempshivaleela       yaml.sh
shivaleela@LAPTOP-893AAFE1:~$ mkdir human
shivaleela@LAPTOP-893AAFE1:~$ cd human
shivaleela@LAPTOP-893AAFE1:~/human$ cd ..
shivaleela@LAPTOP-893AAFE1:~$ echo "new world" > strings.txt
shivaleela@LAPTOP-893AAFE1:~$ cat strings.txt
new world
shivaleela@LAPTOP-893AAFE1:~$ cat *m*
cat: Abclmpex: Is a directory
cat: Hushmum: Is a directory
cat: bootcamp: Is a directory
myfunction(){
        echo "Demo of function"
        echo "Welcome to all bash scripting"
        echo "This is function body"
        echo "argument 1 is $1"
}
myfunction $1 $2 $3

aliases dir = ".examplereading.sh"

echo "hello team"
echo enter your name:
read name
echo jobrole:
read job

cat: hashmum: Is a directory
cat: human: Is a directory
#!/bin/bash
echo "demo of if -else"
echo "Enter a fruit name"
read fruit
if [ $fruit = mango ]
        then echo "I like Mangoes"
elif [ $fruit = apple ]
        then echo  " I love apple"
elif [ $fruit = orange ]
        then echo "Oranges are juicy and i like this fruit"
        else echo "i also love this $fruit"
fi

name:shivaleela
id:12345
location:hyderabad
---
shivaleela:
        name: shivaleela
        idno: 206281
        jobrole: Software Engineer
        salary: 3.5LPA
        Gender: Female
        Location: Hyderabad
        likes:
                - drawing
                - music
     ...

cat: mom: Is a directory
#!/bin/bash
no=5
while(no<50)
        do
                echo"no is $no"
                ((no*5))
        done

#!/bin/bash
echo multiples of 5 are
for((k=1;k<=10;k++))
        do
        echo $((5*k))
        done

#!/bin/bash
echo "welcome to the shell scripting"
ls
pwd
ls -l
touch
cat
#!/bin/bash
echo wellcome to nano editor
ls

y

bhanu
#!/bin/bash
echo "welcome to the shell scripting"
ls
pwd
ls -l
touch
cat
echo "scripting"
echo "shell scripting file will have executable linux commands"
ls
echo "ust"
pwd


#!/bin/bash
echo name = "shiv"
echo city = "hyd"


---
- hosts: tomcat-node
roles:
        - {role: install-tomcat}
- hosts: tomcat-node
roles:
        - {role: install-tomcat}
        - {role: start-tomcat}
  ...
---
- hosts: LEELA
  tasks:
    - name: Nani
      debug:
        msg: Hello Teddybear
        job: Software Engineer

cat: tempshivaleela: Is a directory
cat: tempy: Is a directory
#!/bin/bash
echo "demo of while loop"
no =1
while((n < 5))
        do
                echo "no is $no"
                ((no+1))
        done

---
shivaleela:
        name: shivaleela
  ...
---
shivaleela:
        name: shivaleela
        idno: 206281
        jobrole: Software Engineer
        salary: 3.5LPA
        Gender: Female
        Location: Hyderabad
        likes:
                - drawing
                - music
     ...

shivaleela@LAPTOP-893AAFE1:~$ mv human.txt live.txt
mv: cannot stat 'human.txt': No such file or directory
shivaleela@LAPTOP-893AAFE1:~$ cp human.txt strings.txt
cp: cannot stat 'human.txt': No such file or directory
shivaleela@LAPTOP-893AAFE1:~$ whoami
shivaleela
shivaleela@LAPTOP-893AAFE1:~$ who
shivaleela@LAPTOP-893AAFE1:~$ id
uid=1000(shivaleela) gid=1000(shivaleela) groups=1000(shivaleela),4(adm),20(dialout),24(cdrom),25(floppy),27(sudo),29(audio),30(dip),44(video),46(plugdev),117(netdev),1007(docker)
shivaleela@LAPTOP-893AAFE1:~$ w
 10:05:10 up 43 min,  0 users,  load average: 0.01, 0.07, 0.08
USER     TTY      FROM             LOGIN@   IDLE   JCPU   PCPU WHAT
shivaleela@LAPTOP-893AAFE1:~$ man cat
shivaleela@LAPTOP-893AAFE1:~$ man pwd
shivaleela@LAPTOP-893AAFE1:~$ cat /etc/passwd
root:x:0:0:root:/root:/bin/bash
daemon:x:1:1:daemon:/usr/sbin:/usr/sbin/nologin
bin:x:2:2:bin:/bin:/usr/sbin/nologin
sys:x:3:3:sys:/dev:/usr/sbin/nologin
sync:x:4:65534:sync:/bin:/bin/sync
games:x:5:60:games:/usr/games:/usr/sbin/nologin
man:x:6:12:man:/var/cache/man:/usr/sbin/nologin
lp:x:7:7:lp:/var/spool/lpd:/usr/sbin/nologin
man:x:6:12:man:/var/cache/man:/usr/sbin/nologin
lp:x:7:7:lp:/var/spool/lpd:/usr/sbin/nologin
mail:x:8:8:mail:/var/mail:/usr/sbin/nologin
news:x:9:9:news:/var/spool/news:/usr/sbin/nologin
uucp:x:10:10:uucp:/var/spool/uucp:/usr/sbin/nologin
proxy:x:13:13:proxy:/bin:/usr/sbin/nologin
www-data:x:33:33:www-data:/var/www:/usr/sbin/nologin
backup:x:34:34:backup:/var/backups:/usr/sbin/nologin
list:x:38:38:Mailing List Manager:/var/list:/usr/sbin/nologin
irc:x:39:39:ircd:/var/run/ircd:/usr/sbin/nologin
gnats:x:41:41:Gnats Bug-Reporting System (admin):/var/lib/gnats:/usr/sbin/nologin
nobody:x:65534:65534:nobody:/nonexistent:/usr/sbin/nologin
systemd-network:x:100:102:systemd Network Management,,,:/run/systemd:/usr/sbin/nologin
systemd-resolve:x:101:103:systemd Resolver,,,:/run/systemd:/usr/sbin/nologin
systemd-timesync:x:102:104:systemd Time Synchronization,,,:/run/systemd:/usr/sbin/nologin
messagebus:x:103:106::/nonexistent:/usr/sbin/nologin
syslog:x:104:110::/home/syslog:/usr/sbin/nologin
_apt:x:105:65534::/nonexistent:/usr/sbin/nologin
tss:x:106:111:TPM software stack,,,:/var/lib/tpm:/bin/false
uuidd:x:107:112::/run/uuidd:/usr/sbin/nologin
tcpdump:x:108:113::/nonexistent:/usr/sbin/nologin
sshd:x:109:65534::/run/sshd:/usr/sbin/nologin
landscape:x:110:115::/var/lib/landscape:/usr/sbin/nologin
pollinate:x:111:1::/var/cache/pollinate:/bin/false
shivaleela:x:1000:1000:,,,:/home/shivaleela:/bin/bash
teja:x:1001:1001::/home/teja:/bin/sh
yash:x:1002:1002::/home/yash:/bin/sh
mani:x:1003:1003::/home/mani:/bin/sh
leela:x:1004:1004::/home/leela:/bin/sh
mom:x:1005:1005::/home/mom:/bin/sh
ram:x:1006:1008::/home/ram:/bin/sh
Shiv:x:1007:1009::/home/Shiv:/bin/sh
bhanu:x:1008:1010::/home/bhanu:/bin/sh
tej:x:1009:1011::/home/tej:/bin/sh
vani:x:1010:1012::/home/vani:/bin/sh
shiv:x:1011:1013:bhanu,123,3456,67998,678:/home/shiv:/bin/bash
imp1:x:1012:1014::/home/imp1:/bin/sh
imp2:x:1013:1015::/home/imp2:/bin/sh
imp3:x:1014:1016::/home/imp3:/bin/sh
imp4:x:1015:1017::/home/imp4:/bin/sh
imp11:x:1016:1018:,,,:/home/imp11:/bin/bash
timjag:x:1017:1019:,,,:/home/timjag:/bin/bash
timjagg:x:1018:1020:,,,:/home/timjagg:/bin/bash
gayathri:x:1019:1021:,,,:/home/gayathri:/bin/bash
shiva:x:1020:1023:,,,:/home/shiva:/bin/bash
user1:x:1021:1024::/home/user1:/bin/sh
user2:x:1022:1025::/home/user2:/bin/sh
github:x:1023:1026:,,,:/home/github:/bin/bash
dockerhub:x:1024:1027:,,,:/home/dockerhub:/bin/bash
india:x:1025:1028::/home/india:/bin/sh
shivaleela@LAPTOP-893AAFE1:~$ sudo adduser green
[sudo] password for shivaleela:
Adding user `green' ...
Adding new group `green' (1029) ...
Adding new user `green' (1026) with group `green' ...
Creating home directory `/home/green' ...
Copying files from `/etc/skel' ...
New password:
Retype new password:
passwd: password updated successfully
Changing the user information for green
Enter the new value, or press ENTER for the default
        Full Name []:
        Room Number []:
         Work Phone []:
        Home Phone []:
        Other []:
Is the information correct? [Y/n]
shivaleela@LAPTOP-893AAFE1:~$ cat /etc/passwd
root:x:0:0:root:/root:/bin/bash
daemon:x:1:1:daemon:/usr/sbin:/usr/sbin/nologin
bin:x:2:2:bin:/bin:/usr/sbin/nologin
sys:x:3:3:sys:/dev:/usr/sbin/nologin
sync:x:4:65534:sync:/bin:/bin/sync
games:x:5:60:games:/usr/games:/usr/sbin/nologin
man:x:6:12:man:/var/cache/man:/usr/sbin/nologin
lp:x:7:7:lp:/var/spool/lpd:/usr/sbin/nologin
mail:x:8:8:mail:/var/mail:/usr/sbin/nologin
news:x:9:9:news:/var/spool/news:/usr/sbin/nologin
uucp:x:10:10:uucp:/var/spool/uucp:/usr/sbin/nologin
proxy:x:13:13:proxy:/bin:/usr/sbin/nologin
www-data:x:33:33:www-data:/var/www:/usr/sbin/nologin
backup:x:34:34:backup:/var/backups:/usr/sbin/nologin
list:x:38:38:Mailing List Manager:/var/list:/usr/sbin/nologin
irc:x:39:39:ircd:/var/run/ircd:/usr/sbin/nologin
gnats:x:41:41:Gnats Bug-Reporting System (admin):/var/lib/gnats:/usr/sbin/nologin
nobody:x:65534:65534:nobody:/nonexistent:/usr/sbin/nologin
systemd-network:x:100:102:systemd Network Management,,,:/run/systemd:/usr/sbin/nologin
systemd-resolve:x:101:103:systemd Resolver,,,:/run/systemd:/usr/sbin/nologin
systemd-timesync:x:102:104:systemd Time Synchronization,,,:/run/systemd:/usr/sbin/nologin
messagebus:x:103:106::/nonexistent:/usr/sbin/nologin
syslog:x:104:110::/home/syslog:/usr/sbin/nologin
_apt:x:105:65534::/nonexistent:/usr/sbin/nologin
tss:x:106:111:TPM software stack,,,:/var/lib/tpm:/bin/false
uuidd:x:107:112::/run/uuidd:/usr/sbin/nologin
tcpdump:x:108:113::/nonexistent:/usr/sbin/nologin
sshd:x:109:65534::/run/sshd:/usr/sbin/nologin
landscape:x:110:115::/var/lib/landscape:/usr/sbin/nologin
pollinate:x:111:1::/var/cache/pollinate:/bin/false
shivaleela:x:1000:1000:,,,:/home/shivaleela:/bin/bash
teja:x:1001:1001::/home/teja:/bin/sh
yash:x:1002:1002::/home/yash:/bin/sh
mani:x:1003:1003::/home/mani:/bin/sh
leela:x:1004:1004::/home/leela:/bin/sh
mom:x:1005:1005::/home/mom:/bin/sh
ram:x:1006:1008::/home/ram:/bin/sh
Shiv:x:1007:1009::/home/Shiv:/bin/sh
bhanu:x:1008:1010::/home/bhanu:/bin/sh
tej:x:1009:1011::/home/tej:/bin/sh
vani:x:1010:1012::/home/vani:/bin/sh
shiv:x:1011:1013:bhanu,123,3456,67998,678:/home/shiv:/bin/bash
imp1:x:1012:1014::/home/imp1:/bin/sh
imp2:x:1013:1015::/home/imp2:/bin/sh
imp3:x:1014:1016::/home/imp3:/bin/sh
imp4:x:1015:1017::/home/imp4:/bin/sh
imp11:x:1016:1018:,,,:/home/imp11:/bin/bash
timjag:x:1017:1019:,,,:/home/timjag:/bin/bash
timjagg:x:1018:1020:,,,:/home/timjagg:/bin/bash
gayathri:x:1019:1021:,,,:/home/gayathri:/bin/bash
shiva:x:1020:1023:,,,:/home/shiva:/bin/bash
user1:x:1021:1024::/home/user1:/bin/sh
user2:x:1022:1025::/home/user2:/bin/sh
user2:x:1022:1025::/home/user2:/bin/sh
github:x:1023:1026:,,,:/home/github:/bin/bash
dockerhub:x:1024:1027:,,,:/home/dockerhub:/bin/bash
india:x:1025:1028::/home/india:/bin/sh
green:x:1026:1029:,,,:/home/green:/bin/bash
shivaleela@LAPTOP-893AAFE1:~$ man sudo
shivaleela@LAPTOP-893AAFE1:~$ groupadd
Usage: groupadd [options] GROUP

Options:
  -f, --force                   exit successfully if the group already exists,
                                and cancel -g if the GID is already used
  -g, --gid GID                 use GID for the new group
  -h, --help                    display this help message and exit
  -K, --key KEY=VALUE           override /etc/login.defs defaults
  -o, --non-unique              allow to create groups with duplicate
                                (non-unique) GID
  -p, --password PASSWORD       use this encrypted password for the new group
  -r, --system                  create a system account
  -R, --root CHROOT_DIR         directory to chroot into
  -P, --prefix PREFIX_DIR       directory prefix
      --extrausers              Use the extra users database
shivaleela@LAPTOP-893AAFE1:~$ ls -il
total 312
97504 drwxr-xr-x  2 shivaleela shivaleela 4096 Dec 17 15:33 ABC
97476 drwxr-xr-x  2 shivaleela shivaleela 4096 Dec 17 12:28 Abclmpex
40780 -r--r--r--  1 shivaleela shivaleela   38 Dec  3 08:26 Galaxyinfo.txt
17977 drwxr-xr-x  2 shivaleela shivaleela 4096 Jan  5 16:44 HUSHMUM
17974 drwxr-xr-x  2 shivaleela shivaleela 4096 Jan  5 16:33 Hushmum
97493 drwxr-xr-x  2 shivaleela shivaleela 4096 Dec 17 13:04 InitialGalaxy
97495 -r--r--r--  1 shivaleela shivaleela   38 Dec 17 13:21 allcontent.txt
97554 -rwxrwxr--  1 shivaleela shivaleela   84 Dec 20 15:48 arg.sh
97553 -rwxrwxr--  1 shivaleela shivaleela  321 Dec 20 12:17 args.sh
97094 -rwxrwxr--  1 shivaleela shivaleela    0 Dec 10 16:36 bash_alias
97086 -rw-r--r--  1 shivaleela shivaleela    0 Dec 10 17:37 bash_aliases
41023 -r--r--r--  1 shivaleela shivaleela    8 Dec  7 17:09 beta.txt
41007 drwxr-xr-x  3 shivaleela shivaleela 4096 Jan  7 16:59 bhanu
97521 -r-xrwxr--  1 shivaleela shivaleela  338 Dec 17 16:53 bhanu.txt
40988 -rw-------  1 shivaleela shivaleela    1 Dec 13 10:34 bhanu.txt.save
97377 drwxrwxr-x  2 shivaleela shivaleela 4096 Dec 20 13:34 bootcamp
97121 -rwxrwxr--  1 shivaleela shivaleela  127 Dec 13 17:49 callfunc.sh
97098 -rwxrwxr--  1 shivaleela shivaleela   52 Dec 14 09:46 colour.sh
41010 -r--r--r--  1 shivaleela shivaleela    6 Dec  7 15:19 content.txt
97101 -rw-r--r--  1 shivaleela shivaleela  164 Dec 13 11:09 decision.sh
97122 -rwxrwxr--  1 shivaleela shivaleela  169 Dec 13 17:53 demo_func.sh
97097 -rwxrwxr--  1 shivaleela shivaleela   36 Dec 10 16:51 example.sh
97093 -rwxrwxr--  1 shivaleela shivaleela   74 Dec 10 16:17 exampleread.sh
18006 -rw-r--r--  1 shivaleela shivaleela   48 Jan  7 17:19 feb.txt
97112 -rwxrwxr--  1 shivaleela shivaleela   74 Dec 13 13:26 file.sh
40761 drwxr-xr-x  3 shivaleela shivaleela 4096 Dec  1 15:39 flag1
97115 -rwxrwxr--  1 shivaleela shivaleela  148 Dec 13 14:31 food.sh
97099 -rwxrwxr--  1 shivaleela shivaleela   90 Dec 13 12:06 forloop.sh
97118 -rwxrwxr--  1 shivaleela shivaleela  104 Dec 13 14:34 friends.sh
97103 -rwxrwxr--  1 shivaleela shivaleela  294 Dec 13 11:25 fruits.sh
17976 drwxr-xr-x  2 shivaleela shivaleela 4096 Jan  5 16:43 hashmum
97100 -rwxrwxr--  1 shivaleela shivaleela  407 Dec 13 11:37 helloscript.sh
40765 drwxr-xr-x  2 shivaleela shivaleela 4096 Dec  1 17:38 hobsdir
17999 drwxr-xr-x  2 shivaleela shivaleela 4096 Jan  8 10:00 human
97556 -rwxrwxr--  1 shivaleela shivaleela  106 Dec 20 15:52 ifelse.sh
97555 -rwxrwxr--  1 shivaleela shivaleela  108 Dec 20 15:51 input.sh
18004 dr-xr-xr-x  2 shivaleela shivaleela 4096 Jan  7 17:14 jan.txt
41006 drwxr-xr-x  2 shivaleela shivaleela 4096 Dec  8 15:55 linux
97114 -rwxrwxr--  1 shivaleela shivaleela  183 Dec 13 14:30 loop.sh
97102 -rwxrwxr--  1 shivaleela shivaleela  294 Dec 13 11:25 mango.sh
18007 -rw-r--r--  1 shivaleela shivaleela   44 Jan  7 17:20 march.txt
97127 -rwxrwxr--  1 shivaleela shivaleela  170 Dec 15 17:30 markup.yml
41014 drwxr-xr-x  2 shivaleela shivaleela 4096 Dec  7 16:58 mom
97116 -rwxrwxr--  1 shivaleela shivaleela   70 Dec 13 14:21 mul.sh
37325 -r--r--r--  1 shivaleela shivaleela    0 Dec  9 09:35 multicontent.txt
97119 -rwxrwxr--  1 shivaleela shivaleela   83 Dec 13 15:20 multiple.sh
97087 -rwxr-xr-x  1 shivaleela shivaleela   73 Dec 10 12:06 mycommands.sh
97082 -rwxr-xr-x  1 shivaleela shivaleela   48 Dec 10 11:18 myfile
40987 -rwxr-xr-x  1 shivaleela shivaleela    6 Dec 10 10:12 myinfo.txt
97085 -rw-r--r--  1 shivaleela shivaleela   73 Dec 10 12:05 myscript.txt
97081 -rwxr-xr-x  1 shivaleela shivaleela  101 Dec 10 11:12 myshell.sh
97110 -rwxrwxr--  1 shivaleela shivaleela   52 Dec 13 14:27 name.sh
97110 -rwxrwxr--  1 shivaleela shivaleela   52 Dec 13 14:27 name.sh
97107 -rw-------  1 shivaleela shivaleela    0 Dec 13 13:01 nano.save
97109 -rw-------  1 shivaleela shivaleela    1 Dec 13 13:01 nano.save.1
97120 -rwxrwxr--  1 shivaleela shivaleela   26 Dec 13 14:42 odd.sh
97375 drwxr-xr-x  3 shivaleela shivaleela 4096 Dec 17 09:34 playbooks
97117 -rw-r--r--  1 shivaleela shivaleela    0 Dec 13 14:38 print_odds.bash
97092 -rwxrwxr--  1 shivaleela shivaleela   90 Dec 13 14:28 reading.sh
97070 -rwxr-xr-x  1 shivaleela shivaleela    5 Dec 10 10:57 self.sh
97069 -rw-r--r--  1 shivaleela shivaleela   16 Dec 10 10:50 shell
97108 -rw-r--r--  1 shivaleela shivaleela   21 Dec 13 12:59 shi.sh
41008 drwxr-xr-x  2 shivaleela shivaleela 4096 Dec  7 16:36 shiv
97105 -rwxrwxr--  1 shivaleela shivaleela   29 Dec 13 13:00 shiv.sh
41013 drwxr-xr-x  2 shivaleela shivaleela 4096 Dec  7 17:05 shivaleela
97201 drwxr-xr-x  2 shivaleela shivaleela 4096 Dec 16 11:07 shivaleela-playbook
97330 -rw-r--r--  1 shivaleela shivaleela   88 Dec 16 11:00 shivaleela.yml
97353 drwxr-xr-x  4 shivaleela shivaleela 4096 Dec 16 15:33 shivaleela_playbook
97129 drwxr-xr-x 10 shivaleela shivaleela 4096 Dec 16 11:10 shivaleelarole
17982 -rw-r--r--  1 shivaleela shivaleela    0 Jan  7 17:06 smile
97391 -rw-r--r--  1 shivaleela shivaleela  127 Dec 17 09:24 sri.yml
40734 drwxr-xr-x  2 shivaleela shivaleela 4096 Dec  1 14:48 strenth
18009 -rw-r--r--  1 shivaleela shivaleela   10 Jan  8 10:01 strings.txt
97088 -rwxrwxr--  1 shivaleela shivaleela   52 Dec 10 16:26 teddybear.sh
40748 drwxr-xr-x  9 shivaleela shivaleela 4096 Dec  2 18:02 tempshivaleela
40732 drwxr-xr-x  3 shivaleela shivaleela 4096 Dec  1 10:40 tempy
41018 drwxr-xr-x  2 shivaleela shivaleela 4096 Dec  7 17:07 trainee
41012 drwxr-xr-x  2 shivaleela shivaleela 4096 Dec  7 16:19 ust
97111 -rwxrwxr--  1 shivaleela shivaleela  181 Dec 13 14:22 var.sh
97113 -rwxrwxr--  1 shivaleela shivaleela   71 Dec 13 14:13 while.sh
97104 -rwxrwxr--  1 shivaleela shivaleela  100 Dec 13 12:26 whiledemo.sh
97106 -rwxrwxr--  1 shivaleela shivaleela  100 Dec 13 12:26 whileloop.sh
40750 drwxr-xr-x  3 shivaleela shivaleela 4096 Dec  1 14:56 xyz
97126 -rwxrwxr--  1 shivaleela shivaleela   40 Dec 15 17:20 yaml.sh
97125 -rwxrwxr--  1 shivaleela shivaleela  170 Dec 15 17:25 yml.sh
shivaleela@LAPTOP-893AAFE1:~$ file folders.txt
folders.txt: cannot open `folders.txt' (No such file or directory)
shivaleela@LAPTOP-893AAFE1:~$ file allcontent.txt
allcontent.txt: ASCII text
shivaleela@LAPTOP-893AAFE1:~$ ls -l
total 312
drwxr-xr-x  2 shivaleela shivaleela 4096 Dec 17 15:33 ABC
drwxr-xr-x  2 shivaleela shivaleela 4096 Dec 17 12:28 Abclmpex
-r--r--r--  1 shivaleela shivaleela   38 Dec  3 08:26 Galaxyinfo.txt
drwxr-xr-x  2 shivaleela shivaleela 4096 Jan  5 16:44 HUSHMUM
drwxr-xr-x  2 shivaleela shivaleela 4096 Jan  5 16:33 Hushmum
drwxr-xr-x  2 shivaleela shivaleela 4096 Dec 17 13:04 InitialGalaxy
-r--r--r--  1 shivaleela shivaleela   38 Dec 17 13:21 allcontent.txt
-rwxrwxr--  1 shivaleela shivaleela   84 Dec 20 15:48 arg.sh
-rwxrwxr--  1 shivaleela shivaleela  321 Dec 20 12:17 args.sh
-rwxrwxr--  1 shivaleela shivaleela    0 Dec 10 16:36 bash_alias
-rw-r--r--  1 shivaleela shivaleela    0 Dec 10 17:37 bash_aliases
-r--r--r--  1 shivaleela shivaleela    8 Dec  7 17:09 beta.txt
drwxr-xr-x  3 shivaleela shivaleela 4096 Jan  7 16:59 bhanu
-r-xrwxr--  1 shivaleela shivaleela  338 Dec 17 16:53 bhanu.txt
-rw-------  1 shivaleela shivaleela    1 Dec 13 10:34 bhanu.txt.save
drwxrwxr-x  2 shivaleela shivaleela 4096 Dec 20 13:34 bootcamp
-rwxrwxr--  1 shivaleela shivaleela  127 Dec 13 17:49 callfunc.sh
-rwxr-xr-x  1 shivaleela shivaleela   73 Dec 10 12:06 mycommands.sh
-rwxr-xr-x  1 shivaleela shivaleela   48 Dec 10 11:18 myfile
-rwxr-xr-x  1 shivaleela shivaleela    6 Dec 10 10:12 myinfo.txt
-rw-r--r--  1 shivaleela shivaleela   73 Dec 10 12:05 myscript.txt
-rwxr-xr-x  1 shivaleela shivaleela  101 Dec 10 11:12 myshell.sh
-rwxrwxr--  1 shivaleela shivaleela   52 Dec 13 14:27 name.sh
-rw-------  1 shivaleela shivaleela    0 Dec 13 13:01 nano.save
-rw-------  1 shivaleela shivaleela    1 Dec 13 13:01 nano.save.1
-rwxrwxr--  1 shivaleela shivaleela   26 Dec 13 14:42 odd.sh
drwxr-xr-x  3 shivaleela shivaleela 4096 Dec 17 09:34 playbooks
-rw-r--r--  1 shivaleela shivaleela    0 Dec 13 14:38 print_odds.bash
-rwxrwxr--  1 shivaleela shivaleela   90 Dec 13 14:28 reading.sh
-rwxr-xr-x  1 shivaleela shivaleela    5 Dec 10 10:57 self.sh
-rw-r--r--  1 shivaleela shivaleela   16 Dec 10 10:50 shell
-rw-r--r--  1 shivaleela shivaleela   21 Dec 13 12:59 shi.sh
drwxr-xr-x  2 shivaleela shivaleela 4096 Dec  7 16:36 shiv
-rwxrwxr--  1 shivaleela shivaleela   29 Dec 13 13:00 shiv.sh
drwxr-xr-x  2 shivaleela shivaleela 4096 Dec  7 17:05 shivaleela
drwxr-xr-x  2 shivaleela shivaleela 4096 Dec 16 11:07 shivaleela-playbook
-rw-r--r--  1 shivaleela shivaleela   88 Dec 16 11:00 shivaleela.yml
drwxr-xr-x  4 shivaleela shivaleela 4096 Dec 16 15:33 shivaleela_playbook
drwxr-xr-x 10 shivaleela shivaleela 4096 Dec 16 11:10 shivaleelarole
-rw-r--r--  1 shivaleela shivaleela    0 Jan  7 17:06 smile
-rw-r--r--  1 shivaleela shivaleela  127 Dec 17 09:24 sri.yml
drwxr-xr-x  2 shivaleela shivaleela 4096 Dec  1 14:48 strenth
-rw-r--r--  1 shivaleela shivaleela   10 Jan  8 10:01 strings.txt
-rwxrwxr--  1 shivaleela shivaleela   52 Dec 10 16:26 teddybear.sh
drwxr-xr-x  9 shivaleela shivaleela 4096 Dec  2 18:02 tempshivaleela
drwxr-xr-x  3 shivaleela shivaleela 4096 Dec  1 10:40 tempy
drwxr-xr-x  2 shivaleela shivaleela 4096 Dec  7 17:07 trainee
drwxr-xr-x  2 shivaleela shivaleela 4096 Dec  7 16:19 ust
-rwxrwxr--  1 shivaleela shivaleela  181 Dec 13 14:22 var.sh
-rwxrwxr--  1 shivaleela shivaleela   71 Dec 13 14:13 while.sh
-rwxrwxr--  1 shivaleela shivaleela  100 Dec 13 12:26 whiledemo.sh
-rwxrwxr--  1 shivaleela shivaleela  100 Dec 13 12:26 whileloop.sh
drwxr-xr-x  3 shivaleela shivaleela 4096 Dec  1 14:56 xyz
-rwxrwxr--  1 shivaleela shivaleela   40 Dec 15 17:20 yaml.sh
-rwxrwxr--  1 shivaleela shivaleela  170 Dec 15 17:25 yml.sh
shivaleela@LAPTOP-893AAFE1:~$ ls -a
.                   .docker                    Abclmpex        bootcamp        fruits.sh       mul.sh            reading.sh           strings.txt
..                  .gitconfig                 Galaxyinfo.txt  callfunc.sh     hashmum         multicontent.txt  self.sh              teddybear.sh
.ansible            .kube                      HUSHMUM         colour.sh       helloscript.sh  multiple.sh       shell                tempshivaleela
.aws                .landscape                 Hushmum         content.txt     hobsdir         mycommands.sh     shi.sh               tempy
.azure              .lesshst                   InitialGalaxy   decision.sh     human           myfile            shiv                 trainee
.bash_alias         .local                     allcontent.txt  demo_func.sh    ifelse.sh       myinfo.txt        shiv.sh              ust
.bash_alias.sh      .motd_shown                arg.sh          example.sh      input.sh        myscript.txt      shivaleela           var.sh
.bash_aliases       .profile                   args.sh         exampleread.sh  jan.txt         myshell.sh        shivaleela-playbook  while.sh
.bash_aliases.save  .python_history            bash_alias      feb.txt         linux           name.sh           shivaleela.yml       whiledemo.sh
.bash_aliases.sh    .python_history-00305.tmp  bash_aliases    file.sh         loop.sh         nano.save         shivaleela_playbook  whileloop.sh
.bash_history       .python_history-00437.tmp  beta.txt        flag1           mango.sh        nano.save.1       shivaleelarole       xyz
.bash_logout        .python_history-02372.tmp  bhanu           food.sh         march.txt       odd.sh            smile                yaml.sh
.bashrc             .sudo_as_admin_successful  bhanu.txt       forloop.sh      markup.yml      playbooks         sri.yml              yml.sh
.config             ABC                        bhanu.txt.save  friends.sh      mom             print_odds.bash   strenth
shivaleela@LAPTOP-893AAFE1:~$ chmod
chmod: missing operand
Try 'chmod --help' for more information.
shivaleela@LAPTOP-893AAFE1:~$ chmod +w allcontent.txt
shivaleela@LAPTOP-893AAFE1:~$ ls
ABC             bash_alias      content.txt     forloop.sh      jan.txt           multiple.sh    odd.sh           shivaleela           teddybear.sh    xyz
Abclmpex        bash_aliases    decision.sh     friends.sh      linux             mycommands.sh  playbooks        shivaleela-playbook  tempshivaleela  yaml.sh
Galaxyinfo.txt  beta.txt        demo_func.sh    fruits.sh       loop.sh           myfile         print_odds.bash  shivaleela.yml       tempy           yml.sh
HUSHMUM         bhanu           example.sh      hashmum         mango.sh          myinfo.txt     reading.sh       shivaleela_playbook  trainee
Hushmum         bhanu.txt       exampleread.sh  helloscript.sh  march.txt         myscript.txt   self.sh          shivaleelarole       ust
InitialGalaxy   bhanu.txt.save  feb.txt         hobsdir         markup.yml        myshell.sh     shell            smile                var.sh
allcontent.txt  bootcamp        file.sh         human           mom               name.sh        shi.sh           sri.yml              while.sh
arg.sh          callfunc.sh     flag1           ifelse.sh       mul.sh            nano.save      shiv             strenth              whiledemo.sh
nano demo1.txt
shivaleela@LAPTOP-893AAFE1:~$ cat demo1.txt
name:shivaleela
id:1234
location:hyderabad

shivaleela@LAPTOP-893AAFE1:~$ touch ring.txt
shivaleela@LAPTOP-893AAFE1:~$ rm human
rm: cannot remove 'human': Is a directory
shivaleela@LAPTOP-893AAFE1:~$ find . -type d -name "t*"
./shivaleelarole/tasks
./shivaleelarole/tests
./shivaleelarole/templates
./.ansible/tmp
./tempy
./tempy/tempshivaleela
./tempshivaleela
./tempshivaleela/teja
./shivaleela_playbook/start-tomcat/tasks
./shivaleela_playbook/install-tomcat/tasks
./shivaleela_playbook/install-tomcat/tests
./shivaleela_playbook/install-tomcat/templates
./trainee
shivaleela@LAPTOP-893AAFE1:~$ find . -name ring.txt -delete
shivaleela@LAPTOP-893AAFE1:~$ free
              total        used        free      shared  buff/cache   available
Mem:        3932668     1494348      590804      378592     1847516     1838620
Swap:       1048576           0     1048576
shivaleela@LAPTOP-893AAFE1:~$ uptime
 10:15:46 up 54 min,  0 users,  load average: 0.11, 0.11, 0.09
shivaleela@LAPTOP-893AAFE1:~$ chmod -w bhanu.txt
chmod: bhanu.txt: new permissions are r-xrwxr--, not r-xr-xr--
shivaleela@LAPTOP-893AAFE1:~$ python3
Python 3.8.10 (default, Jun  2 2021, 10:49:15)
[GCC 9.4.0] on linux
Type "help", "copyright", "credits" or "license" for more information.
>>> a
Traceback (most recent call last):
  File "<stdin>", line 1, in <module>
NameError: name 'a' is not defined
>>> 78-90
-12
>>> 56*7+65-12/4
454.0
>>> trainee no = 206281
  File "<stdin>", line 1
    trainee no = 206281
            ^
SyntaxError: invalid syntax
>>> traineename = "shivaleela"
>>> traineeno = 206281
>>> stipend = 29000.00
>>> print(traineename, traineeno, stipend)
shivaleela 206281 29000.0
>>> n = 20
>>> if(n<10):
...  print(no, is a single digit number)
  File "<stdin>", line 2
    print(no, is a single digit number)
     >>> names =['Ameer', 'anad', 'vani']
>>> names[1]
'anad'
>>> a = 10
>>> b = 20
>>> print(a+b)
30
>>> print(a-b)
-10
>>> print(a/b)
0.5
>>> print(a*b)
200
>>> print(a//b
...
...
KeyboardInterrupt
>>> print(a//b)
0
>>> print(a%b)
10
>>> name = "shivaleela"
>>> print(name)
shivaleela
>>> marks1 = 90
>>> marks2 = 85
>>> marks3 = 80
>>> marks4 = 75
>>> marks5 = 99
>>> totalmarks = marks1 + marks2 + marks3 + marks4 + marks5
>>> print(totalmarks)
429
>>> def grade(marks):
...  if(marks >= 90):
...   print("A+")
... elif(marks >= 70):
  File "<stdin>", line 4
    elif(marks >= 70):
    ^
SyntaxError: invalid syntax
>>> def grade(marks):
...  if(marks >= 90):
...   print("A+")
...  elif(marks >= 70):
...   print("A")
...  elif(marks >= 60):
...  print("B")
  File "<stdin>", line 7
    print("B")
    ^
IndentationError: expected an indented block
>>> def grade(marks):
...  if(marks >= 90):
...   print("A+")
...
...  elif(marks >= 70):
...   print("A")
...
...  elif(marks >= 70):
...   print("A")
...  elif(marks >= 60):
...   print("B")
...  elif(marks >= 50):
...   print("C")
...  else:
...   print("n")
...
>>> def multiple(n):
...  for i in range(1,11):
...   print(n,'*',i,'=',n*i)
...
>>> multiple(21)
21 * 1 = 21
21 * 2 = 42
21 * 3 = 63
21 * 4 = 84
21 * 5 = 105
21 * 6 = 126
21 * 7 = 147
21 * 8 = 168
21 * 9 = 189
21 * 10 = 210
>>> class sample:
...  def dosomething(self,no,name):
...   self.no=no
...   self.name=name
...   print(self.no," ",self.name)
...
>>> smp = sample()
>>> smp.dosomething(1234,'Raj')
1234   Raj
>>> class Trainee:
...  def __init__(self,name,id):
...   self.nmae
...   self.id
...  def showtrainee(self):
...   print(self.name," ",self.id)
...
>>> trn = Trainee("Bhnau", 123)
Traceback (most recent call last):
  File "<stdin>", line 1, in <module>
  File "<stdin>", line 3, in __init__
>>> from math import*
>>> a = pi
>>> print(a)
3.141592653589793
>>> print(sqrt(144))
12.0
>>> print(pow(4,3))
64.0
>>> print(round(345.45569))
345
>>> print(ceil(342.728))
343
>>> print(floor(342.99999))
342
shivaleela@LAPTOP-893AAFE1:~$ pwd
/home/shivaleela
shivaleela@LAPTOP-893AAFE1:~$ pmap

Usage:
 pmap [options] PID [PID ...]

Options:
 -x, --extended              show details
 -X                          show even more details
            WARNING: format changes according to /proc/PID/smaps
 -XX                         show everything the kernel provides
 -c, --read-rc               read the default rc
 -C, --read-rc-from=<file>   read the rc from file
 -n, --create-rc             create new default rc
 -N, --create-rc-to=<file>   create new rc to file
            NOTE: pid arguments are not allowed with -n, -N
 -d, --device                show the device format
 -q, --quiet                 do not display header and footer
 -p, --show-path             show path in the mapping
 -A, --range=<low>[,<high>]  limit results to the given range

 -h, --help     display this help and exit
 -V, --version  output version information and exit

For more details see pmap(1).
shivaleela@LAPTOP-893AAFE1:~$ top
top - 11:21:50 up  2:00,  0 users,  load average: 0.16, 0.14, 0.17
Tasks:  14 total,   1 running,  13 sleeping,   0 stopped,   0 zombie
%Cpu(s):  0.6 us,  0.6 sy,  0.0 ni, 98.6 id,  0.0 wa,  0.0 hi,  0.2 si,  0.0 st
MiB Mem :   3840.5 total,    511.8 free,   1499.4 used,   1829.3 buff/cache
MiB Swap:   1024.0 total,   1024.0 free,      0.0 used.   1755.0 avail Mem

  PID USER      PR  NI    VIRT    RES    SHR S  %CPU  %MEM     TIME+ COMMAND
    1 root      20   0    1744   1084   1016 S   0.0   0.0   0:00.03 init
  112 root      20   0    1752     68      0 S   0.0   0.0   0:00.00 init
  113 root      20   0    1752     76      0 S   0.0   0.0   0:00.01 init
  114 root      20   0 1531772  29688  12936 S   0.0   0.8   0:01.09 docker-desktop-
  124 root      20   0    1752     76      0 S   0.0   0.0   0:00.00 init
  125 shivale+  20   0  764520  47728  29460 S   0.0   1.2   0:01.26 docker
  161 root      20   0    1752     68      0 S   0.0   0.0   0:00.00 init
  162 root      20   0    1752     76      0 S   0.0   0.0   0:00.69 init
  163 shivale+  20   0   10168   5108   3324 S   0.0   0.1   0:00.21 bash
  342 shivale+  20   0   44744  33720  14396 S   0.0   0.9   0:00.63 python3
  344 root      20   0    1752     68      0 S   0.0   0.0   0:00.00 init
  345 root      20   0    1752     76      0 S   0.0   0.0   0:00.00 init
125 shivale+  20   0  764520  47728  29460 S   0.0   1.2   0:01.26 docker
  161 root      20   0    1752     68      0 S   0.0   0.0   0:00.00 init
  162 root      20   0    1752     76      0 S   0.0   0.0   0:00.69 init
  163 shivale+  20   0   10168   5108   3324 S   0.0   0.1   0:00.21 bash
  342 shivale+  20   0   44744  33720  14396 S   0.0   0.9   0:00.63 python3
  344 root      20   0    1752     68      0 S   0.0   0.0   0:00.00 init
  345 root      20   0    1752     76      0 S   0.0   0.0   0:00.00 init
  346 shivale+  20   0   10168   5072   3304 S   0.0   0.1   0:00.17 bash
shivaleela@LAPTOP-893AAFE1:~$
Help for Interactive Commands - procps-ng UNKNOWN
Window 1:Def: Cumulative mode Off.  System: Delay 3.0 secs; Secure mode Off.

  Z,B,E,e   Global: 'Z' colors; 'B' bold; 'E'/'e' summary/task memory scale
  l,t,m     Toggle Summary: 'l' load avg; 't' task/cpu stats; 'm' memory info
  0,1,2,3,I Toggle: '0' zeros; '1/2/3' cpus or numa node views; 'I' Irix mode
  f,F,X     Fields: 'f'/'F' add/remove/order/sort; 'X' increase fixed-width

  L,&,<,> . Locate: 'L'/'&' find/again; Move sort column: '<'/'>' left/right
  R,H,J,C . Toggle: 'R' Sort; 'H' Threads; 'J' Num justify; 'C' Coordinates
  c,i,S,j . Toggle: 'c' Cmd name/line; 'i' Idle; 'S' Time; 'j' Str justify
  x,y     . Toggle highlights: 'x' sort field; 'y' running tasks
  z,b     . Toggle: 'z' color/mono; 'b' bold/reverse (only if 'x' or 'y')
  u,U,o,O . Filter by: 'u'/'U' effective/any user; 'o'/'O' other criteria
  n,#,^O  . Set: 'n'/'#' max tasks displayed; Show: Ctrl+'O' other filter(s)
  V,v     . Toggle: 'V' forest view; 'v' hide/show forest view children

  k,r       Manipulate tasks: 'k' kill; 'r' renice
  d or s    Set update interval
  W,Y       Write configuration file 'W'; Inspect other output 'Y'
  q         Quit
          ( commands shown with '.' require a visible task display window )
Press 'h' or '?' for help with Windows,
Type 'q' or <Esc> to continue
Help for Interactive Commands - procps-ng UNKNOWN
Window 1:Def: Cumulative mode Off.  System: Delay 3.0 secs; Secure mode Off.

  Z,B,E,e   Global: 'Z' colors; 'B' bold; 'E'/'e' summary/task memory scale
  l,t,m     Toggle Summary: 'l' load avg; 't' task/cpu stats; 'm' memory info
  0,1,2,3,I Toggle: '0' zeros; '1/2/3' cpus or numa node views; 'I' Irix mode
  f,F,X     Fields: 'f'/'F' add/remove/order/sort; 'X' increase fixed-width

  L,&,<,> . Locate: 'L'/'&' find/again; Move sort column: '<'/'>' left/right
  R,H,J,C . Toggle: 'R' Sort; 'H' Threads; 'J' Num justify; 'C' Coordinates
c,i,S,j . Toggle: 'c' Cmd name/line; 'i' Idle; 'S' Time; 'j' Str justify
  x,y     . Toggle highlights: 'x' sort field; 'y' running tasks
  z,b     . Toggle: 'z' color/mono; 'b' bold/reverse (only if 'x' or 'y')
  u,U,o,O . Filter by: 'u'/'U' effective/any user; 'o'/'O' other criteria
  n,#,^O  . Set: 'n'/'#' max tasks displayed; Show: Ctrl+'O' other filter(s)
  V,v     . Toggle: 'V' forest view; 'v' hide/show forest view children

  k,r       Manipulate tasks: 'k' kill; 'r' renice
  d or s    Set update interval
  W,Y       Write configuration file 'W'; Inspect other output 'Y'
  q         Quit
          ( commands shown with '.' require a visible task display window )
Press 'h' or '?' for help with Windows,
Type 'q' or <Esc> to continue
Help for Interactive Commands - procps-ng UNKNOWN
Window 1:Def: Cumulative mode Off.  System: Delay 3.0 secs; Secure mode Off.

  Z,B,E,e   Global: 'Z' colors; 'B' bold; 'E'/'e' summary/task memory scale
  l,t,m     Toggle Summary: 'l' load avg; 't' task/cpu stats; 'm' memory info
  0,1,2,3,I Toggle: '0' zeros; '1/2/3' cpus or numa node views; 'I' Irix mode
  f,F,X     Fields: 'f'/'F' add/remove/order/sort; 'X' increase fixed-width

  L,&,<,> . Locate: 'L'/'&' find/again; Move sort column: '<'/'>' left/right
  R,H,J,C . Toggle: 'R' Sort; 'H' Threads; 'J' Num justify; 'C' Coordinates
  c,i,S,j . Toggle: 'c' Cmd name/line; 'i' Idle; 'S' Time; 'j' Str justify
  x,y     . Toggle highlights: 'x' sort field; 'y' running tasks
  z,b     . Toggle: 'z' color/mono; 'b' bold/reverse (only if 'x' or 'y')
  u,U,o,O . Filter by: 'u'/'U' effective/any user; 'o'/'O' other criteria
  n,#,^O  . Set: 'n'/'#' max tasks displayed; Show: Ctrl+'O' other filter(s)
  V,v     . Toggle: 'V' forest view; 'v' hide/show forest view children

  k,r       Manipulate tasks: 'k' kill; 'r' renice
  d or s    Set update interval
  W,Y       Write configuration file 'W'; Inspect other output 'Y'
  q         Quit
          ( commands shown with '.' require a visible task display window )
Press 'h' or '?' for help with Windows,
Type 'q' or <Esc> to continue
Help for Interactive Commands - procps-ng UNKNOWN
Window 1:Def: Cumulative mode Off.  System: Delay 3.0 secs; Secure mode Off.

  Z,B,E,e   Global: 'Z' colors; 'B' bold; 'E'/'e' summary/task memory scale
  l,t,m     Toggle Summary: 'l' load avg; 't' task/cpu stats; 'm' memory info
  0,1,2,3,I Toggle: '0' zeros; '1/2/3' cpus or numa node views; 'I' Irix mode
  f,F,X     Fields: 'f'/'F' add/remove/order/sort; 'X' increase fixed-width

  L,&,<,> . Locate: 'L'/'&' find/again; Move sort column: '<'/'>' left/right
  R,H,J,C . Toggle: 'R' Sort; 'H' Threads; 'J' Num justify; 'C' Coordinates
  c,i,S,j . Toggle: 'c' Cmd name/line; 'i' Idle; 'S' Time; 'j' Str justify
  x,y     . Toggle highlights: 'x' sort field; 'y' running tasks
  z,b     . Toggle: 'z' color/mono; 'b' bold/reverse (only if 'x' or 'y')
  u,U,o,O . Filter by: 'u'/'U' effective/any user; 'o'/'O' other criteria
  n,#,^O  . Set: 'n'/'#' max tasks displayed; Show: Ctrl+'O' other filter(s)
x,y     . Toggle highlights: 'x' sort field; 'y' running tasks
  z,b     . Toggle: 'z' color/mono; 'b' bold/reverse (only if 'x' or 'y')
  u,U,o,O . Filter by: 'u'/'U' effective/any user; 'o'/'O' other criteria
  n,#,^O  . Set: 'n'/'#' max tasks displayed; Show: Ctrl+'O' other filter(s)
  V,v     . Toggle: 'V' forest view; 'v' hide/show forest view children

  k,r       Manipulate tasks: 'k' kill; 'r' renice
  d or s    Set update interval
  W,Y       Write configuration file 'W'; Inspect other output 'Y'
  q         Quit
          ( commands shown with '.' require a visible task display window )
Press 'h' or '?' for help with Windows,
Type 'q' or <Esc> to continue
top - 11:22:06 up  2:00,  0 users,  load average: 0.12, 0.14, 0.16
Tasks:  14 total,   1 running,  13 sleeping,   0 stopped,   0 zombie
%Cpu(s):  0.8 us,  0.7 sy,  0.0 ni, 98.2 id,  0.0 wa,  0.0 hi,  0.2 si,  0.0 st
MiB Mem :   3840.5 total,    508.1 free,   1503.0 used,   1829.4 buff/cache
MiB Swap:   1024.0 total,   1024.0 free,      0.0 used.   1751.4 avail Mem

  PID USER      PR  NI    VIRT    RES    SHR S  %CPU  %MEM     TIME+ COMMAND
    1 root      20   0    1744   1084   1016 S   0.0   0.0   0:00.03 init
  112 root      20   0    1752     68      0 S   0.0   0.0   0:00.00 init
  113 root      20   0    1752     76      0 S   0.0   0.0   0:00.01 init
  114 root      20   0 1531772  29688  12936 S   0.0   0.8   0:01.09 docker-desktop-
  124 root      20   0    1752     76      0 S   0.0   0.0   0:00.00 init
  125 shivale+  20   0  764520  47728  29460 S   0.0   1.2   0:01.26 docker
  161 root      20   0    1752     68      0 S   0.0   0.0   0:00.00 init
  162 root      20   0    1752     76      0 S   0.0   0.0   0:00.69 init
  163 shivale+  20   0   10168   5108   3324 S   0.0   0.1   0:00.21 bash
  342 shivale+  20   0   44744  33720  14396 S   0.0   0.9   0:00.63 python3
  344 root      20   0    1752     68      0 S   0.0   0.0   0:00.00 init
  345 root      20   0    1752     76      0 S   0.0   0.0   0:00.01 init
  346 shivale+  20   0   10168   5072   3304 S   0.0   0.1   0:00.17 bash
  360 shivale+  20   0   10900   3676   3132 R   0.0   0.1   0:00.02 top

shivaleela@LAPTOP-893AAFE1:~$ htop
shivaleela@LAPTOP-893AAFE1:~$ last

wtmp begins Tue Nov 30 17:45:59 2021
shivaleela@LAPTOP-893AAFE1:~$ last -a

wtmp begins Tue Nov 30 17:45:59 2021
shivaleela@LAPTOP-893AAFE1:~$ ps
  PID TTY          TIME CMD
  346 pts/3    00:00:00 bash
  364 pts/3    00:00:00 ps
shivaleela@LAPTOP-893AAFE1:~$ info
shivaleela@LAPTOP-893AAFE1:~$ env
SHELL=/bin/bash
WSL_DISTRO_NAME=Ubuntu-20.04
NAME=LAPTOP-893AAFE1
PWD=/home/shivaleela
LOGNAME=shivaleela
HOME=/home/shivaleela
LANG=C.UTF-8
WSL_INTEROP=/run/WSL/345_interop
LS_COLORS=rs=0:di=01;34:ln=01;36:mh=00:pi=40;33:so=01;35:do=01;35:bd=40;33;01:cd=40;33;01:or=40;31;01:mi=00:su=37;41:sg=30;43:ca=30;41:tw=30;42:ow=34;42:st=37;44:ex=01;32:*.tar=01;31:*.tgz=01;31:*.arc=01;31:*.arj=01;31:*.taz=01;31:*.lha=01;31:*.lz4=01;31:*.lzh=01;31:*.lzma=01;31:*.tlz=01;31:*.txz=01;31:*.tzo=01;31:*.t7z=01;31:*.zip=01;31:*.z=01;31:*.dz=01;31:*.gz=01;31:*.lrz=01;31:*.lz=01;31:*.lzo=01;31:*.xz=01;31:*.zst=01;31:*.tzst=01;31:*.bz2=01;31:*.bz=01;31:*.tbz=01;31:*.tbz2=01;31:*.tz=01;31:*.deb=01;31:*.rpm=01;31:*.jar=01;31:*.war=01;31:*.ear=01;31:*.sar=01;31:*.rar=01;31:*.alz=01;31:*.ace=01;31:*.zoo=01;31:*.cpio=01;31:*.7z=01;31:*.rz=01;31:*.cab=01;31:*.wim=01;31:*.swm=01;31:*.dwm=01;31:*.esd=01;31:*.jpg=01;35:*.jpeg=01;35:*.mjpg=01;35:*.mjpeg=01;35:*.gif=01;35:*.bmp=01;35:*.pbm=01;35:*.pgm=01;35:*.ppm=01;35:*.tga=01;35:*.xbm=01;35:*.xpm=01;35:*.tif=01;35:*.tiff=01;35:*.png=01;35:*.svg=01;35:*.svgz=01;35:*.mng=01;35:*.pcx=01;35:*.mov=01;35:*.mpg=01;35:*.mpeg=01;35:*.m2v=01;35:*.mkv=01;35:*.webm=01;35:*.ogm=01;35:*.mp4=01;35:*.m4v=01;35:*.mp4v=01;35:*.vob=01;35:*.qt=01;35:*.nuv=01;35:*.wmv=01;35:*.asf=01;35:*.rm=01;35:*.rmvb=01;35:*.flc=01;35:*.avi=01;35:*.fli=01;35:*.flv=01;35:*.gl=01;35:*.dl=01;35:*.xcf=01;35:*.xwd=01;35:*.yuv=01;35:*.cgm=01;35:*.emf=01;35:*.ogv=01;35:*.ogx=01;35:*.aac=00;36:*.au=00;36:*.flac=00;36:*.m4a=00;36:*.mid=00;36:*.midi=00;36:*.mka=00;36:*.mp3=00;36:*.mpc=00;36:*.ogg=00;36:*.ra=00;36:*.wav=00;36:*.oga=00;36:*.opus=00;36:*.spx=00;36:*.xspf=00;36:
LESSCLOSE=/usr/bin/lesspipe %s %s
TERM=xterm-256color
LESSOPEN=| /usr/bin/lesspipe %s
USER=shivaleela
SHLVL=1
WSLENV=
XDG_DATA_DIRS=/usr/local/share:/usr/share:/var/lib/snapd/desktop
PATH=/usr/local/sbin:/usr/local/bin:/usr/sbin:/usr/bin:/sbin:/bin:/usr/games:/usr/local/games:/usr/lib/wsl/lib:/mnt/c/Program Files/Common Files/Oracle/Java/javapath:/mnt/c/WINDOWS/system32:/mnt/c/WINDOWS:/mnt/c/WINDOWS/System32/Wbem:/mnt/c/WINDOWS/System32/WindowsPowerShell/v1.0/:/mnt/c/WINDOWS/System32/OpenSSH/:/mnt/c/Program Files/Java/jdk-16.0.2/bin:/mnt/c/Program Files/Git/cmd:/mnt/c/Program Files/Docker/Docker/resources/bin:/mnt/c/ProgramData/DockerDesktop/version-bin:/mnt/c/Users/shiva/AppData/Local/Microsoft/WindowsApps:/mnt/c/Users/shiva/AppData/Local/Programs/Microsoft VS Code/bin:/mnt/c/Users/shiva/AppData/Local/Programs/Microsoft VS Code Insiders/bin:/snap/bin
HOSTTYPE=x86_64
_=/usr/bin/env
shivaleela@LAPTOP-893AAFE1:~$ df
Filesystem     1K-blocks      Used Available Use% Mounted on
/dev/sdd       263174212   1926636 247809420   1% /
none             1966332    373268   1593064  19% /mnt/wsl
/dev/sdc       263174212   6891352 242844704   3% /mnt/wsl/docker-desktop-data/isocache
none             1966332         8   1966324   1% /mnt/wsl/docker-desktop/shared-sockets/host-services
/dev/sdb       263174212    124944 249611112   1% /mnt/wsl/docker-desktop/docker-desktop-proxy
/dev/loop0        342106    342106         0 100% /mnt/wsl/docker-desktop/cli-tools
tools          498937852 184102516 314835336  37% /init
none             1964252         0   1964252   0% /dev
none             1966332         8   1966324   1% /run
none             1966332         0   1966332   0% /run/lock
none             1966332         0   1966332   0% /run/shm
none             1966332         0   1966332   0% /run/user
none             1966332         0   1966332   0% /run/user
tmpfs            1966332         0   1966332   0% /sys/fs/cgroup
drivers        498937852 184102516 314835336  37% /usr/lib/wsl/drivers
lib            498937852 184102516 314835336  37% /usr/lib/wsl/lib
drvfs          498937852 184102516 314835336  37% /mnt/c
shivaleela@LAPTOP-893AAFE1:~$ df -ah
Filesystem      Size  Used Avail Use% Mounted on
/dev/sdd        251G  1.9G  237G   1% /
none            1.9G  365M  1.6G  19% /mnt/wsl
/dev/sdc        251G  6.6G  232G   3% /mnt/wsl/docker-desktop-data/isocache
none            1.9G  8.0K  1.9G   1% /mnt/wsl/docker-desktop/shared-sockets/guest-services
none            1.9G  8.0K  1.9G   1% /mnt/wsl/docker-desktop/shared-sockets/host-services
/dev/sdb        251G  123M  239G   1% /mnt/wsl/docker-desktop/docker-desktop-proxy
/dev/loop0      335M  335M     0 100% /mnt/wsl/docker-desktop/cli-tools
tools           476G  176G  301G  37% /init
none            1.9G     0  1.9G   0% /dev
sysfs              0     0     0    - /sys
proc               0     0     0    - /proc
devpts             0     0     0    - /dev/pts
none            1.9G  8.0K  1.9G   1% /run
none            1.9G     0  1.9G   0% /run/lock
none            1.9G     0  1.9G   0% /run/shm
none            1.9G     0  1.9G   0% /run/user
binfmt_misc        0     0     0    - /proc/sys/fs/binfmt_misc
tmpfs           1.9G     0  1.9G   0% /sys/fs/cgroup
cgroup2            0     0     0    - /sys/fs/cgroup/unified
cgroup             0     0     0    - /sys/fs/cgroup/cpuset
cgroup             0     0     0    - /sys/fs/cgroup/cpu
cgroup             0     0     0    - /sys/fs/cgroup/cpuacct
cgroup             0     0     0    - /sys/fs/cgroup/blkio
cgroup             0     0     0    - /sys/fs/cgroup/memory
cgroup             0     0     0    - /sys/fs/cgroup/devices
cgroup             0     0     0    - /sys/fs/cgroup/freezer
cgroup             0     0     0    - /sys/fs/cgroup/net_cls
cgroup             0     0     0    - /sys/fs/cgroup/perf_event
cgroup             0     0     0    - /sys/fs/cgroup/net_prio
cgroup             0     0     0    - /sys/fs/cgroup/hugetlb
cgroup             0     0     0    - /sys/fs/cgroup/pids
cgroup             0     0     0    - /sys/fs/cgroup/rdma
drivers         476G  176G  301G  37% /usr/lib/wsl/drivers
lib             476G  176G  301G  37% /usr/lib/wsl/lib
drvfs           476G  176G  301G  37% /mnt/c
tmpfs              -     -     -    - /mnt/wsl/docker-desktop-data/tarcache/entries/docker.tar/ffdca61a2a7b0c73d9f508ea0aba4d29ced393e48e2ed5582433c0ade4903e6f/containers/services/docker/tmp
overlay            -     -     -    - /mnt/wsl/docker-desktop-data/tarcache/entries/docker.tar/ffdca61a2a7b0c73d9f508ea0aba4d29ced393e48e2ed5582433c0ade4903e6f/containers/services/docker/rootfs
  
shivaleela@LAPTOP-893AAFE1:~$ sudo apt update
[sudo] password for shivaleela:
Hit:1 http://archive.ubuntu.com/ubuntu focal InRelease
Get:2 http://security.ubuntu.com/ubuntu focal-security InRelease [114 kB]
Hit:3 http://ppa.launchpad.net/ansible/ansible/ubuntu focal InRelease
Get:4 http://archive.ubuntu.com/ubuntu focal-updates InRelease [114 kB]
Get:5 http://security.ubuntu.com/ubuntu focal-security/main amd64 Packages [1109 kB]
Get:6 http://archive.ubuntu.com/ubuntu focal-backports InRelease [108 kB]
Get:7 http://archive.ubuntu.com/ubuntu focal-updates/main amd64 Packages [1445 kB]
Get:8 http://security.ubuntu.com/ubuntu focal-security/main Translation-en [202 kB]
Get:9 http://security.ubuntu.com/ubuntu focal-security/main amd64 c-n-f Metadata [9104 B]
Get:10 http://security.ubuntu.com/ubuntu focal-security/restricted amd64 Packages [609 kB]
Get:11 http://security.ubuntu.com/ubuntu focal-security/restricted Translation-en [86.8 kB]
Get:12 http://security.ubuntu.com/ubuntu focal-security/restricted amd64 c-n-f Metadata [536 B]
Get:13 http://security.ubuntu.com/ubuntu focal-security/universe amd64 Packages [675 kB]
Get:14 http://archive.ubuntu.com/ubuntu focal-updates/main Translation-en [289 kB]
Get:15 http://archive.ubuntu.com/ubuntu focal-updates/main amd64 c-n-f Metadata [14.7 kB]
Get:16 http://archive.ubuntu.com/ubuntu focal-updates/restricted amd64 Packages [663 kB]
Get:17 http://security.ubuntu.com/ubuntu focal-security/universe Translation-en [114 kB]
Get:18 http://security.ubuntu.com/ubuntu focal-security/universe amd64 c-n-f Metadata [13.0 kB]
Get:19 http://security.ubuntu.com/ubuntu focal-security/multiverse amd64 Packages [21.8 kB]
Get:20 http://security.ubuntu.com/ubuntu focal-security/multiverse amd64 c-n-f Metadata [536 B]
Get:21 http://archive.ubuntu.com/ubuntu focal-updates/restricted Translation-en [94.6 kB]
Get:22 http://archive.ubuntu.com/ubuntu focal-updates/restricted amd64 c-n-f Metadata [532 B]
Get:23 http://archive.ubuntu.com/ubuntu focal-updates/universe amd64 Packages [892 kB]
Get:24 http://archive.ubuntu.com/ubuntu focal-updates/universe Translation-en [195 kB]
Get:25 http://archive.ubuntu.com/ubuntu focal-updates/universe amd64 c-n-f Metadata [20.0 kB]
Get:26 http://archive.ubuntu.com/ubuntu focal-updates/multiverse amd64 Packages [24.8 kB]
Get:27 http://archive.ubuntu.com/ubuntu focal-updates/multiverse amd64 c-n-f Metadata [620 B]
Get:28 http://archive.ubuntu.com/ubuntu focal-backports/universe amd64 Packages [19.2 kB]
Get:29 http://archive.ubuntu.com/ubuntu focal-backports/universe Translation-en [13.3 kB]
Get:30 http://archive.ubuntu.com/ubuntu focal-backports/universe amd64 c-n-f Metadata [656 B]
Fetched 6848 kB in 9s (743 kB/s)
Reading package lists... Done
Building dependency tree
Reading state information... Done
97 packages can be upgraded. Run 'apt list --upgradable' to see them.
shivaleela@LAPTOP-893AAFE1:~$ sudo apt install software-properties-common
Reading package lists... Done
Building dependency tree
Reading state information... Done
software-properties-common is already the newest version (0.99.9.8).
0 upgraded, 0 newly installed, 0 to remove and 97 not upgraded.
shivaleela@LAPTOP-893AAFE1:~$ sudo apt-apt-repository-common
sudo: apt-apt-repository-common: command not found
shivaleela@LAPTOP-893AAFE1:~$ sudo add-apt-repository --yes --update
Error: need a repository as argument
shivaleela@LAPTOP-893AAFE1:~$ sudo apt install ansible
Reading package lists... Done
Building dependency tree
Reading state information... Done
The following additional packages will be installed:
shivaleela@LAPTOP-893AAFE1:~$ sudo apt update
[sudo] password for shivaleela:
Hit:1 http://archive.ubuntu.com/ubuntu focal InRelease
Get:2 http://security.ubuntu.com/ubuntu focal-security InRelease [114 kB]
Hit:3 http://ppa.launchpad.net/ansible/ansible/ubuntu focal InRelease
Get:4 http://archive.ubuntu.com/ubuntu focal-updates InRelease [114 kB]
Get:5 http://security.ubuntu.com/ubuntu focal-security/main amd64 Packages [1109 kB]
Get:6 http://archive.ubuntu.com/ubuntu focal-backports InRelease [108 kB]
Get:7 http://archive.ubuntu.com/ubuntu focal-updates/main amd64 Packages [1445 kB]
Get:8 http://security.ubuntu.com/ubuntu focal-security/main Translation-en [202 kB]
Get:9 http://security.ubuntu.com/ubuntu focal-security/main amd64 c-n-f Metadata [9104 B]
Get:10 http://security.ubuntu.com/ubuntu focal-security/restricted amd64 Packages [609 kB]
Get:11 http://security.ubuntu.com/ubuntu focal-security/restricted Translation-en [86.8 kB]
Get:12 http://security.ubuntu.com/ubuntu focal-security/restricted amd64 c-n-f Metadata [536 B]
Get:13 http://security.ubuntu.com/ubuntu focal-security/universe amd64 Packages [675 kB]
Get:14 http://archive.ubuntu.com/ubuntu focal-updates/main Translation-en [289 kB]
Get:15 http://archive.ubuntu.com/ubuntu focal-updates/main amd64 c-n-f Metadata [14.7 kB]
Get:16 http://archive.ubuntu.com/ubuntu focal-updates/restricted amd64 Packages [663 kB]
Get:17 http://security.ubuntu.com/ubuntu focal-security/universe Translation-en [114 kB]
Get:18 http://security.ubuntu.com/ubuntu focal-security/universe amd64 c-n-f Metadata [13.0 kB]
Get:19 http://security.ubuntu.com/ubuntu focal-security/multiverse amd64 Packages [21.8 kB]
Get:20 http://security.ubuntu.com/ubuntu focal-security/multiverse amd64 c-n-f Metadata [536 B]
Get:21 http://archive.ubuntu.com/ubuntu focal-updates/restricted Translation-en [94.6 kB]
Get:22 http://archive.ubuntu.com/ubuntu focal-updates/restricted amd64 c-n-f Metadata [532 B]
Get:23 http://archive.ubuntu.com/ubuntu focal-updates/universe amd64 Packages [892 kB]
Get:24 http://archive.ubuntu.com/ubuntu focal-updates/universe Translation-en [195 kB]
Get:25 http://archive.ubuntu.com/ubuntu focal-updates/universe amd64 c-n-f Metadata [20.0 kB]
Get:26 http://archive.ubuntu.com/ubuntu focal-updates/multiverse amd64 Packages [24.8 kB]
Get:27 http://archive.ubuntu.com/ubuntu focal-updates/multiverse amd64 c-n-f Metadata [620 B]
Get:28 http://archive.ubuntu.com/ubuntu focal-backports/universe amd64 Packages [19.2 kB]
Get:29 http://archive.ubuntu.com/ubuntu focal-backports/universe Translation-en [13.3 kB]
Get:30 http://archive.ubuntu.com/ubuntu focal-backports/universe amd64 c-n-f Metadata [656 B]
Fetched 6848 kB in 9s (743 kB/s)
Reading package lists... Done
Building dependency tree
Reading state information... Done
97 packages can be upgraded. Run 'apt list --upgradable' to see them.
shivaleela@LAPTOP-893AAFE1:~$ sudo apt install software-properties-common
Reading package lists... Done
Building dependency tree
Reading state information... Done
software-properties-common is already the newest version (0.99.9.8).
0 upgraded, 0 newly installed, 0 to remove and 97 not upgraded.
shivaleela@LAPTOP-893AAFE1:~$ sudo apt-apt-repository-common
sudo: apt-apt-repository-common: command not found
shivaleela@LAPTOP-893AAFE1:~$ sudo add-apt-repository --yes --update
Error: need a repository as argument
shivaleela@LAPTOP-893AAFE1:~$ sudo apt install ansible
Reading package lists... Done
Building dependency tree
Reading state information... Done
The following additional packages will be installed:
shivaleela@LAPTOP-893AAFE1:~$ ansible all -m ping --ask-pass
SSH password:
[WARNING]: provided hosts list is empty, only localhost is available. Note that the
implicit localhost does not match 'all'
shivaleela@LAPTOP-893AAFE1:~$ sudo yum install epel-release
sudo: yum: command not found
shivaleela@LAPTOP-893AAFE1:~$ echo $SHELL
/bin/bash
shivaleela@LAPTOP-893AAFE1:~$ #!/bin/bash
shivaleela@LAPTOP-893AAFE1:~$ echo hello world
hello world
shivaleela@LAPTOP-893AAFE1:~$ nano jan.sh
shivaleela@LAPTOP-893AAFE1:~$ chmod +x jan.sh
shivaleela@LAPTOP-893AAFE1:~$ ./jan.sh
welcome to shell scripting
ABC             content.txt     input.sh          nano.save            strenth
Abclmpex        decision.sh     jan.sh            nano.save.1          strings.txt
Galaxyinfo.txt  demo1.txt       jan.txt           odd.sh               teddybear.sh
HUSHMUM         demo_func.sh    linux             playbooks            tempshivaleela
Hushmum         example.sh      loop.sh           print_odds.bash      tempy
InitialGalaxy   exampleread.sh  mango.sh          reading.sh           trainee
allcontent.txt  feb.txt         march.txt         self.sh              ust
arg.sh          file.sh         markup.yml        shell                var.sh
args.sh         flag1           mom               shi.sh               while.sh
bash_alias      food.sh         mul.sh            shiv                 whiledemo.sh
bash_aliases    forloop.sh      multicontent.txt  shiv.sh              whileloop.sh
beta.txt        friends.sh      multiple.sh       shivaleela           xyz
bhanu           fruits.sh       mycommands.sh     shivaleela-playbook  yaml.sh
bhanu.txt       hashmum         myfile            shivaleela.yml       yml.sh
bhanu.txt.save  helloscript.sh  myinfo.txt        shivaleela_playbook
bootcamp        hobsdir         myscript.txt      shivaleelarole
callfunc.sh     human           myshell.sh        smile
colour.sh       ifelse.sh       name.sh           sri.yml
the list of directories
shivaleela hyderabad
shivaleela@LAPTOP-893AAFE1:~$
#!/bin/bash
echo "welcome to shell scripting"
ls
echo "the list of directories"
name=shivaleela
city=hyderabad
echo "$name $city"

shivaleela@LAPTOP-893AAFE1:~$ apt list --upgradable
Listing... Done
accountsservice/focal-updates,focal-security 0.6.55-0ubuntu12~20.04.5 amd64 [upgradable from: 0.6.55-0ubuntu12~20.04.4]
alsa-ucm-conf/focal-updates 1.2.2-1ubuntu0.11 all [upgradable from: 1.2.2-1ubuntu0.9]
ansible-core/focal 2.12.1-1ppa~focal all [upgradable from: 2.11.7-1ppa~focal]
apport/focal-updates,focal-security 2.20.11-0ubuntu27.21 all [upgradable from: 2.20.11-0ubuntu27.18]
bind9-dnsutils/focal-updates,focal-security 1:9.16.1-0ubuntu2.9 amd64 [upgradable from: 1:9.16.1-0ubuntu2.8]
bind9-host/focal-updates,focal-security 1:9.16.1-0ubuntu2.9 amd64 [upgradable from: 1:9.16.1-0ubuntu2.8]
bind9-libs/focal-updates,focal-security 1:9.16.1-0ubuntu2.9 amd64 [upgradable from: 1:9.16.1-0ubuntu2.8]
busybox-initramfs/focal-updates,focal-security 1:1.30.1-4ubuntu6.4 amd64 [upgradable from: 1:1.30.1-4ubuntu6.3]
busybox-static/focal-updates,focal-security 1:1.30.1-4ubuntu6.4 amd64 [upgradable from: 1:1.30.1-4ubuntu6.3]
ca-certificates/focal-updates,focal-security 20210119~20.04.2 all [upgradable from: 20210119~20.04.1]
cloud-init/focal-updates 21.4-0ubuntu1~20.04.1 all [upgradable from: 21.2-3-g899bfaa9-0ubuntu2~20.04.1]
cloud-initramfs-copymods/focal-updates 0.45ubuntu2 all [upgradable from: 0.45ubuntu1]
cloud-initramfs-dyn-netconf/focal-updates 0.45ubuntu2 all [upgradable from: 0.45ubuntu1]
command-not-found/focal-updates 20.04.5 all [upgradable from: 20.04.4]
cpio/focal-updates,focal-security 2.13+dfsg-2ubuntu0.3 amd64 [upgradable from: 2.13+dfsg-2]
curl/focal-updates,focal-security 7.68.0-1ubuntu2.7 amd64 [upgradable from: 7.68.0-1ubuntu2.6]
distro-info-data/focal-updates,focal-security 0.43ubuntu1.9 all [upgradable from: 0.43ubuntu1.6]
git-man/focal-updates,focal-security 1:2.25.1-1ubuntu3.2 all [upgradable from: 1:2.25.1-1ubuntu3.1]
libaccountsservice0/focal-updates,focal-security 0.6.55-0ubuntu12~20.04.5 amd64 [upgradable from: 0.6.55-0ubuntu12~20.04.4]
libasound2-data/focal-updates 1.2.2-2.1ubuntu2.5 all [upgradable from: 1.2.2-2.1ubuntu2.4]
libasound2/focal-updates 1.2.2-2.1ubuntu2.5 amd64 [upgradable from: 1.2.2-2.1ubuntu2.4]libcurl3-gnutls/focal-updates,focal-security 7.68.0-1ubuntu2.7 amd64 [upgradable from: 7.68.0-1ubuntu2.6]
libcurl4/focal-updates,focal-security 7.68.0-1ubuntu2.7 amd64 [upgradable from: 7.68.0-1ubuntu2.6]
libdrm-amdgpu1/focal-updates 2.4.105-3~20.04.2 amd64 [upgradable from: 2.4.105-3~20.04.1]
libdrm-common/focal-updates 2.4.105-3~20.04.2 all [upgradable from: 2.4.105-3~20.04.1]
libdrm-intel1/focal-updates 2.4.105-3~20.04.2 amd64 [upgradable from: 2.4.105-3~20.04.1]
libdrm-nouveau2/focal-updates 2.4.105-3~20.04.2 amd64 [upgradable from: 2.4.105-3~20.04.1]
libdrm-radeon1/focal-updates 2.4.105-3~20.04.2 amd64 [upgradable from: 2.4.105-3~20.04.1]
libdrm2/focal-updates 2.4.105-3~20.04.2 amd64 [upgradable from: 2.4.105-3~20.04.1]
libgcrypt20/focal-updates,focal-security 1.8.5-5ubuntu1.1 amd64 [upgradable from: 1.8.5-5ubuntu1]
libgl1-mesa-dri/focal-updates 21.0.3-0ubuntu0.3~20.04.5 amd64 [upgradable from: 21.0.3-0ubuntu0.3~20.04.1]
libglapi-mesa/focal-updates 21.0.3-0ubuntu0.3~20.04.5 amd64 [upgradable from: 21.0.3-0ubuntu0.3~20.04.1]
libglx-mesa0/focal-updates 21.0.3-0ubuntu0.3~20.04.5 amd64 [upgradable from: 21.0.3-0ubuntu0.3~20.04.1]
libicu66/focal-updates,focal-security 66.1-2ubuntu2.1 amd64 [upgradable from: 66.1-2ubuntu2]
libllvm12/focal-updates 1:12.0.0-3ubuntu1~20.04.4 amd64 [upgradable from: 1:12.0.0-3ubuntu1~20.04.3]
libnetplan0/focal-updates 0.103-0ubuntu5~20.04.5 amd64 [upgradable from: 0.102-0ubuntu1~20.04.2]
libnss-systemd/focal-updates 245.4-4ubuntu3.14 amd64 [upgradable from: 245.4-4ubuntu3.11]
libnss3/focal-updates,focal-security 2:3.49.1-1ubuntu1.6 amd64 [upgradable from: 2:3.49.1-1ubuntu1.5]
libntfs-3g883/focal-updates,focal-security 1:2017.3.23AR.3-3ubuntu1.1 amd64 [upgradable from: 1:2017.3.23AR.3-3ubuntu1]
libpam-modules-bin/focal-updates 1.3.1-5ubuntu4.3 amd64 [upgradable from: 1.3.1-5ubuntu4.2]
libpam-modules/focal-updates 1.3.1-5ubuntu4.3 amd64 [upgradable from: 1.3.1-5ubuntu4.2]libpam-runtime/focal-updates 1.3.1-5ubuntu4.3 all [upgradable from: 1.3.1-5ubuntu4.2]
libpam-systemd/focal-updates 245.4-4ubuntu3.14 amd64 [upgradable from: 245.4-4ubuntu3.11]
libpam0g/focal-updates 1.3.1-5ubuntu4.3 amd64 [upgradable from: 1.3.1-5ubuntu4.2]
libprocps8/focal-updates 2:3.3.16-1ubuntu2.3 amd64 [upgradable from: 2:3.3.16-1ubuntu2.2]
libpulse0/focal-updates 1:13.99.1-1ubuntu3.13 amd64 [upgradable from: 1:13.99.1-1ubuntu3.11]
libprocps8/focal-updates 2:3.3.16-1ubuntu2.3 amd64 [upgradable from: 2:3.3.16-1ubuntu2.2]
libpulse0/focal-updates 1:13.99.1-1ubuntu3.13 amd64 [upgradable from: 1:13.99.1-1ubuntu3.11]
libpulsedsp/focal-updates 1:13.99.1-1ubuntu3.13 amd64 [upgradable from: 1:13.99.1-1ubuntu3.11]
libpython3.8-minimal/focal-updates,focal-security 3.8.10-0ubuntu1~20.04.2 amd64 [upgradable from: 3.8.10-0ubuntu1~20.04]
libpython3.8-stdlib/focal-updates,focal-security 3.8.10-0ubuntu1~20.04.2 amd64 [upgradable from: 3.8.10-0ubuntu1~20.04]
libpython3.8/focal-updates,focal-security 3.8.10-0ubuntu1~20.04.2 amd64 [upgradable from: 3.8.10-0ubuntu1~20.04]
libseccomp2/focal-updates,focal-security 2.5.1-1ubuntu1~20.04.2 amd64 [upgradable from: 2.5.1-1ubuntu1~20.04.1]
libssh-4/focal-updates,focal-security 0.9.3-2ubuntu2.2 amd64 [upgradable from: 0.9.3-2ubuntu2.1]
libssl1.1/focal-updates 1.1.1f-1ubuntu2.10 amd64 [upgradable from: 1.1.1f-1ubuntu2.5]
libsystemd0/focal-updates 245.4-4ubuntu3.14 amd64 [upgradable from: 245.4-4ubuntu3.11]
libtdb1/focal-updates,focal-security 1.4.3-0ubuntu0.20.04.1 amd64 [upgradable from: 1.4.2-3build1]
libudev1/focal-updates 245.4-4ubuntu3.14 amd64 [upgradable from: 245.4-4ubuntu3.11]
libudisks2-0/focal-updates 2.8.4-1ubuntu2 amd64 [upgradable from: 2.8.4-1ubuntu1]
linux-base/focal-updates 4.5ubuntu3.7 all [upgradable from: 4.5ubuntu3.6]
mesa-vulkan-drivers/focal-updates 21.0.3-0ubuntu0.3~20.04.5 amd64 [upgradable from: 21.0.3-0ubuntu0.3~20.04.1]
netplan.io/focal-updates 0.103-0ubuntu5~20.04.5 amd64 [upgradable from: 0.102-0ubuntu1~20.04.2]
ntfs-3g/focal-updates,focal-security 1:2017.3.23AR.3-3ubuntu1.1 amd64 [upgradable from: 1:2017.3.23AR.3-3ubuntu1]
open-vm-tools/focal-updates 2:11.3.0-2ubuntu0~ubuntu20.04.2 amd64 [upgradable from: 2:11.0.5-4]
openssh-client/focal-updates 1:8.2p1-4ubuntu0.4 amd64 [upgradable from: 1:8.2p1-4ubuntu0.3]
openssh-server/focal-updates 1:8.2p1-4ubuntu0.4 amd64 [upgradable from: 1:8.2p1-4ubuntu0.3]
openssh-sftp-server/focal-updates 1:8.2p1-4ubuntu0.4 amd64 [upgradable from: 1:8.2p1-4ubuntu0.3]
openssl/focal-updates 1.1.1f-1ubuntu2.10 amd64 [upgradable from: 1.1.1f-1ubuntu2.5]
overlayroot/focal-updates 0.45ubuntu2 all [upgradable from: 0.45ubuntu1]
procps/focal-updates 2:3.3.16-1ubuntu2.3 amd64 [upgradable from: 2:3.3.16-1ubuntu2.2]
pulseaudio-utils/focal-updates 1:13.99.1-1ubuntu3.13 amd64 [upgradable from: 1:13.99.1-1ubuntu3.11]
python-apt-common/focal-updates 2.0.0ubuntu0.20.04.6 all [upgradable from: 2.0.0ubuntu0.20.04.5]
python3-apport/focal-updates,focal-security 2.20.11-0ubuntu27.21 all [upgradable from: 2.20.11-0ubuntu27.18]
python3-apt/focal-updates 2.0.0ubuntu0.20.04.6 amd64 [upgradable from: 2.0.0ubuntu0.20.04.5]
python3-commandnotfound/focal-updates 20.04.5 all [upgradable from: 20.04.4]
python3-problem-report/focal-updates,focal-security 2.20.11-0ubuntu27.21 all [upgradable from: 2.20.11-0ubuntu27.18]
python3-update-manager/focal-updates 1:20.04.10.9 all [upgradable from: 1:20.04.10.7]
python3.8-minimal/focal-updates,focal-security 3.8.10-0ubuntu1~20.04.2 amd64 [upgradable from: 3.8.10-0ubuntu1~20.04]
python3.8/focal-updates,focal-security 3.8.10-0ubuntu1~20.04.2 amd64 [upgradable from: 3.8.10-0ubuntu1~20.04]
rsync/focal-updates 3.1.3-8ubuntu0.1 amd64 [upgradable from: 3.1.3-8]
snapd/focal-updates 2.51.1+20.04ubuntu2 amd64 [upgradable from: 2.49.2+20.04]
squashfs-tools/focal-updates,focal-security 1:4.4-1ubuntu0.3 amd64 [upgradable from: 1:4.4-1]
systemd-sysv/focal-updates 245.4-4ubuntu3.14 amd64 [upgradable from: 245.4-4ubuntu3.11]systemd-timesyncd/focal-updates 245.4-4ubuntu3.14 amd64 [upgradable from: 245.4-4ubuntu3.11]
systemd/focal-updates 245.4-4ubuntu3.14 amd64 [upgradable from: 245.4-4ubuntu3.11]
tzdata/focal-updates,focal-security 2021e-0ubuntu0.20.04 all [upgradable from: 2021a-0ubuntu0.20.04]
ubuntu-advantage-tools/focal-updates 27.4.2~20.04.1 amd64 [upgradable from: 27.2.2~20.04.1]
udev/focal-updates 245.4-4ubuntu3.14 amd64 [upgradable from: 245.4-4ubuntu3.11]
udisks2/focal-updates 2.8.4-1ubuntu2 amd64 [upgradable from: 2.8.4-1ubuntu1]
ufw/focal-updates 0.36-6ubuntu1 all [upgradable from: 0.36-6]
update-manager-core/focal-updates 1:20.04.10.9 all [upgradable from: 1:20.04.10.7]
update-notifier-common/focal-updates 3.192.30.10 all [upgradable from: 3.192.30.9]
vim-common/focal-updates,focal-security 2:8.1.2269-1ubuntu5.4 all [upgradable from: 2:8.1.2269-1ubuntu5]
vim-runtime/focal-updates,focal-security 2:8.1.2269-1ubuntu5.4 all [upgradable from: 2:8.1.2269-1ubuntu5]
vim-tiny/focal-updates,focal-security 2:8.1.2269-1ubuntu5.4 amd64 [upgradable from: 2:8.1.2269-1ubuntu5]
vim/focal-updates,focal-security 2:8.1.2269-1ubuntu5.4 amd64 [upgradable from: 2:8.1.2269-1ubuntu5]
wget/focal-updates 1.20.3-1ubuntu2 amd64 [upgradable from: 1.20.3-1ubuntu1]
xxd/focal-updates,focal-security 2:8.1.2269-1ubuntu5.4 amd64 [upgradable from: 2:8.1.2269-1ubuntu5]
shivaleela@LAPTOP-893AAFE1:~$ nano decision.sh
shivaleela@LAPTOP-893AAFE1:~$ chmod 774 desicion.sh
shivaleela@LAPTOP-893AAFE1:~$ nano decision.sh
shivaleela@LAPTOP-893AAFE1:~$ chmod 774 desicion.sh
chmod: cannot access 'desicion.sh': No such file or directory
shivaleela@LAPTOP-893AAFE1:~$ chmod 774 decision.sh
shivaleela@LAPTOP-893AAFE1:~$ ./decision.sh
demo of if -else
Enter a fruit name
apple
 I also love this apple
shivaleela@LAPTOP-893AAFE1:~$ cat decision.sh
#!/bin/bash
echo "demo of if -else"
echo "Enter a fruit name"
read fruit
if [ $fruit = mango ]
        then echo "I like Mangoes"
        else echo " I also love this $fruit"
fi
shivaleela@LAPTOP-893AAFE1:~$ nano mango.sh
shivaleela@LAPTOP-893AAFE1:~$ chmod 774 mango.sh
shivaleela@LAPTOP-893AAFE1:~$ ./mango.sh
demo of if -else
Enter a fruit name
apple
 I love apple
shivaleela@LAPTOP-893AAFE1:~$ cat mango.sh
#!/bin/bash
echo "demo of if -else"
echo "Enter a fruit name"
read fruit
if [ $fruit = mango ]
        then echo "I like Mangoes"
elif [ $fruit = apple ]
        then echo  " I love apple"
elif [ $fruit = orange ]
        then echo "Oranges are juicy and i like this fruit"
        else echo "i also love this $fruit"
fi

shivaleela@LAPTOP-893AAFE1:~$ nano fruits.sh
shivaleela@LAPTOP-893AAFE1:~$ chmod 774 fruits.sh
shivaleela@LAPTOP-893AAFE1:~$ ./fruits.sh
demo of if -else
Enter a fruit name
orange
Oranges are juicy and i like this fruit
shivaleela@LAPTOP-893AAFE1:~$ nano helloscript.sh
shivaleela@LAPTOP-893AAFE1:~$ chmod 774 hellosript.sh
chmod: cannot access 'hellosript.sh': No such file or directory
shivaleela@LAPTOP-893AAFE1:~$ chmod 774 helloscript.shff
chmod: cannot access 'helloscript.shff': No such file or directory
shivaleela@LAPTOP-893AAFE1:~$ chmod 774  helloscript.sh
shivaleela@LAPTOP-893AAFE1:~$ ./helloscript.sh
./helloscript.sh: line 1: x#!/bin/bash: No such file or directory
The script title is ./helloscript.sh
The first argument is
The first argument is
The first argument is
The first argument is
The first argument is
The first argument is
The first argument is
The first argument is
The first argument is
/$ 1164is the PID of the script
/# The total number of parameters in the script 0
shivaleela@LAPTOP-893AAFE1:~$ cat helloscript.sh
x#!/bin/bash
echo The script title is $0
#
echo The first argument is $1
echo The first argument is $2
echo The first argument is $3
echo The first argument is $4
echo The first argument is $5
echo The first argument is $6
echo The first argument is $7
echo The first argument is $8
echo The first argument is $9
#
echo /$ $$is the PID of the script
echo /# The total number of parameters in the script $#

shivaleela@LAPTOP-893AAFE1:~$ nano reading.sh
shivaleela@LAPTOP-893AAFE1:~$ chmod 774 reading.sh
shivaleela@LAPTOP-893AAFE1:~$ cat reading.sh


echo enter your name:
read name
echo jobrole:
read job
echo enter  your city:
read city

shivaleela@LAPTOP-893AAFE1:~$ ./reading.sh
enter your name:
shivaleela
jobrole:
software enginerer
enter your city:
hyderabad
shivaleela@LAPTOP-893AAFE1:~$ nano hi.sh
shivaleela@LAPTOP-893AAFE1:~$ nano loop.sh
shivaleela@LAPTOP-893AAFE1:~$ chmod 774 loop.sh
shivaleela@LAPTOP-893AAFE1:~$ cat loop.sh
#!/bin/bash
echo "a number is even or odd"
echo -m "enter a number"
read n
echo -m "result: "
if [ " $m 2" == 0 ]
        then echo "$m a number is even"
        else echo "$m a number is odd"
fi

shivaleela@LAPTOP-893AAFE1:~$ ./ar_loop.sh
-bash: ./ar_loop.sh: No such file or directory
shivaleela@LAPTOP-893AAFE1:~$ ./loop.sh
a number is even or odd
-m enter a number
3
-m result:
 a number is odd
shivaleela@LAPTOP-893AAFE1:~$ nano hey.sh
shivaleela@LAPTOP-893AAFE1:~$ nano hellofunction.sh
shivaleela@LAPTOP-893AAFE1:~$ nano demo_func.sh
shivaleela@LAPTOP-893AAFE1:~$ chmod 774 demo_func.sh
shivaleela@LAPTOP-893AAFE1:~$ ./demo_func.sh
Demo of function
Welcome to all bash scripting
This is function body
argument 1 is
shivaleela@LAPTOP-893AAFE1:~$ cat demo_func.sh
myfunction(){
        echo "Demo of function"
         echo "Welcome to all bash scripting"
        echo "This is function body"
        echo "argument 1 is $1"
}
myfunction $1 $2 $3

shivaleela@LAPTOP-893AAFE1:~$ nano hellofunc.sh
shivaleela@LAPTOP-893AAFE1:~$ nano ./hellfunc.sh
shivaleela@LAPTOP-893AAFE1:~$ ansible -h
usage: ansible [-h] [--version] [-v] [-b] [--become-method BECOME_METHOD] [--become-user BECOME_USER] [-K] [-i INVENTORY] [--list-hosts] [-l SUBSET]
               [-P POLL_INTERVAL] [-B SECONDS] [-o] [-t TREE] [-k] [--private-key PRIVATE_KEY_FILE] [-u REMOTE_USER] [-c CONNECTION] [-T TIMEOUT]
               [--ssh-common-args SSH_COMMON_ARGS] [--sftp-extra-args SFTP_EXTRA_ARGS] [--scp-extra-args SCP_EXTRA_ARGS] [--ssh-extra-args SSH_EXTRA_ARGS] [-C]
               [--syntax-check] [-D] [-e EXTRA_VARS] [--vault-id VAULT_IDS] [--ask-vault-password | --vault-password-file VAULT_PASSWORD_FILES] [-f FORKS]
               [-M MODULE_PATH] [--playbook-dir BASEDIR] [--task-timeout TASK_TIMEOUT] [-a MODULE_ARGS] [-m MODULE_NAME]
               pattern

Define and run a single task 'playbook' against a set of hosts

positional arguments:
  pattern               host pattern

optional arguments:
  --ask-vault-password, --ask-vault-pass
                        ask for vault password
  --list-hosts          outputs a list of matching hosts; does not execute anything else
  --playbook-dir BASEDIR
                        Since this tool does not use playbooks, use this as a substitute playbook directory.This sets the relative path for many features including
                        roles/ group_vars/ etc.
  --syntax-check        perform a syntax check on the playbook, but do not execute it
  --task-timeout TASK_TIMEOUT
                        set task timeout limit in seconds, must be positive integer.
  --vault-id VAULT_IDS  the vault identity to use
  --vault-password-file VAULT_PASSWORD_FILES, --vault-pass-file VAULT_PASSWORD_FILES
                        vault password file
  --version             show program's version number, config file location, configured module search path, module location, executable location and exit
  -B SECONDS, --background SECONDS
                        run asynchronously, failing after X seconds (default=N/A)
  -C, --check           don't make any changes; instead, try to predict some of the changes that may occur
  -D, --diff            when changing (small) files and templates, show the differences in those files; works great with --check
  -M MODULE_PATH, --module-path MODULE_PATH
                        prepend colon-separated path(s) to module library (default=~/.ansible/plugins/modules:/usr/share/ansible/plugins/modules)
  -P POLL_INTERVAL, --poll POLL_INTERVAL
                        set the poll interval if using -B (default=15)
  -a MODULE_ARGS, --args MODULE_ARGS
                        The action's options in space separated k=v format: -a 'opt1=val1 opt2=val2'
  -e EXTRA_VARS, --extra-vars EXTRA_VARS
                        set additional variables as key=value or YAML/JSON, if filename prepend with @
  -f FORKS, --forks FORKS
                        specify number of parallel processes to use (default=5)
  -h, --help            show this help message and exit
-i INVENTORY, --inventory INVENTORY, --inventory-file INVENTORY
                        specify inventory host path or comma separated host list. --inventory-file is deprecated
  -l SUBSET, --limit SUBSET
                        further limit selected hosts to an additional pattern
  -m MODULE_NAME, --module-name MODULE_NAME
                        Name of the action to execute (default=command)
  -o, --one-line        condense output
  -t TREE, --tree TREE  log output to this directory
  -v, --verbose         verbose mode (-vvv for more, -vvvv to enable connection debugging)

Privilege Escalation Options:
  control how and which user you become as on target hosts

  --become-method BECOME_METHOD
                        privilege escalation method to use (default=sudo), use `ansible-doc -t become -l` to list valid choices.
  --become-user BECOME_USER
                        run operations as this user (default=root)
  -K, --ask-become-pass
                        ask for privilege escalation password
  -b, --become          run operations with become (does not imply password prompting)

Connection Options:
  control as whom and how to connect to hosts

  --private-key PRIVATE_KEY_FILE, --key-file PRIVATE_KEY_FILE
                        use this file to authenticate the connection
  --scp-extra-args SCP_EXTRA_ARGS
                        specify extra arguments to pass to scp only (e.g. -l)
  --sftp-extra-args SFTP_EXTRA_ARGS
                        specify extra arguments to pass to sftp only (e.g. -f, -l)
  --ssh-common-args SSH_COMMON_ARGS
                        specify common arguments to pass to sftp/scp/ssh (e.g. ProxyCommand)
  --ssh-extra-args SSH_EXTRA_ARGS
                        specify extra arguments to pass to ssh only (e.g. -R)
  -T TIMEOUT, --timeout TIMEOUT
                        override the connection timeout in seconds (default=10)
  -c CONNECTION, --connection CONNECTION
                        connection type to use (default=smart)
  -k, --ask-pass        ask for connection password
  -u REMOTE_USER, --user REMOTE_USER
                        connect as this user (default=None)

Some actions do not make sense in Ad-Hoc (include, meta, etc)
shivaleela@LAPTOP-893AAFE1:~$ ansible --version
ansible [core 2.11.7]
  config file = /etc/ansible/ansible.cfg
  configured module search path = ['/home/shivaleela/.ansible/plugins/modules', '/usr/share/ansible/plugins/modules']
  ansible python module location = /usr/lib/python3/dist-packages/ansible
  ansible collection location = /home/shivaleela/.ansible/collections:/usr/share/ansible/collections
  executable location = /usr/bin/ansible
  python version = 3.8.10 (default, Jun  2 2021, 10:49:15) [GCC 9.4.0]
  jinja version = 2.10.1
  libyaml = True
shivaleela@LAPTOP-893AAFE1:~$ ansible all -m setup
[WARNING]: provided hosts list is empty, only localhost is available. Note that the implicit localhost does not match 'all'
shivaleela@LAPTOP-893AAFE1:~$ ansible-galaxy -h
usage: ansible-galaxy [-h] [--version] [-v] TYPE ...

Perform various Role and Collection related operations.

positional arguments:
  TYPE
    collection   Manage an Ansible Galaxy collection.
    role         Manage an Ansible Galaxy role.

optional arguments:
  --version      show program's version number, config file location, configured module search path, module location, executable location and exit
  -h, --help     show this help message and exit
  -v, --verbose  verbose mode (-vvv for more, -vvvv to enable connection debugging)
shivaleela@LAPTOP-893AAFE1:~$ sudo apt install tree
[sudo] password for shivaleela:
Reading package lists... Done
Building dependency tree
Reading state information... Done
tree is already the newest version (1.8.0-1).
0 upgraded, 0 newly installed, 0 to remove and 96 not upgraded.
shivaleela@LAPTOP-893AAFE1:~$ ls
ABC             bash_alias      content.txt     food.sh         input.sh    mul.sh            nano.save        shiv                 strenth         whiledemo.sh
Abclmpex        bash_aliases    decision.sh     forloop.sh      jan.sh      multicontent.txt  nano.save.1      shiv.sh              strings.txt     whileloop.sh
Galaxyinfo.txt  beta.txt        demo1.txt       friends.sh      jan.txt     multiple.sh       odd.sh           shivaleela           teddybear.sh    xyz
HUSHMUM         bhanu           demo_func.sh    fruits.sh       linux       mycommands.sh     playbooks        shivaleela-playbook  tempshivaleela  yaml.sh
Hushmum         bhanu.txt       example.sh      hashmum         loop.sh     myfile            print_odds.bash  shivaleela.yml       tempy           yml.sh
InitialGalaxy   bhanu.txt.save  exampleread.sh  helloscript.sh  mango.sh    myinfo.txt        reading.sh       shivaleela_playbook  trainee
allcontent.txt  bootcamp        feb.txt         hobsdir         march.txt   myscript.txt      self.sh          shivaleelarole       ust
arg.sh          callfunc.sh     file.sh         human           markup.yml  myshell.sh        shell            smile                var.sh
args.sh         colour.sh       flag1           ifelse.sh       mom         name.sh           shi.sh           sri.yml              while.sh
shivaleela@LAPTOP-893AAFE1:~$ nano sri.yml
shivaleela@LAPTOP-893AAFE1:~$ cat sri.yml
---
- hosts: LEELA
  tasks:
    - name: Nani
      debug:
        msg: Hello Teddybear
        job: Software Engineer

shivaleela@LAPTOP-893AAFE1:~$ ansible-playbook sri.yml
[WARNING]: provided hosts list is empty, only localhost is available. Note that the implicit localhost does not match 'all'
[WARNING]: Could not match supplied host pattern, ignoring: LEELA

PLAY [LEELA] ***********************************************************************************************************************************************************skipping: no hosts matched

PLAY RECAP *************************************************************************************************************************************************************
shivaleela@LAPTOP-893AAFE1:~$






